// Jest Snapshot v1, https://goo.gl/fbAQLP

exports[`Probando el componente <CounterApp /> <CounterApp /> debe mostrarse correctamente 1`] = `
<div
  className="container--counter"
>
  <h2>
    Contador
  </h2>
  <h3>
    10
  </h3>
  <span>
    <button
      onClick={[Function]}
    >
      - 1
    </button>
    <button
      onClick={[Function]}
    >
      + 1
    </button>
  </span>
  <button
    onClick={[Function]}
  >
    Reset
  </button>
</div>
`;
